// Jest Snapshot v1, https://goo.gl/fbAQLP

exports[`Atoms should render successfully 1`] = `
<div>
  <div
    class="background"
  >
    <h1>
      Welcome to Atoms!
    </h1>
  </div>
</div>
`;
