// Jest Snapshot v1, https://goo.gl/fbAQLP

exports[`Tokens should render successfully 1`] = `
<div>
  <div
    class="background"
  >
     
    <h1>
      Welcome to Eds Tokens!
    </h1>
  </div>
</div>
`;
